[[('RI', 'FOR'), ('SHUMELA', 'FOR'), ('VHONE', 'FOR')], [('Mbudziso', 'N09'), ('na', 'CONJ'), ('Phindulo', 'N09')], [('GEP', 'FOR'), ('ndi', 'VCOP'), ('nnyi', 'PARTQUE'), ('?', 'ZE')], [('Gauteng', 'FOR'), ('Enterprise', 'FOR'), ('Propeller', 'FOR'), ('(', 'ZPL'), ('GEP', 'FOR'), (')', 'ZPR'), ('ndi', 'VCOP'), ('Zhendedzi', 'N05'), ('ḽe', 'PROPSTREL05'), ('ḽa', 'POSSC05'), ('thomiwa', 'V'), ('nga', 'PREPOS'), ('Muvhuso', 'N03'), ('wa', 'POSSC03'), ('Vunḓu', 'N05'), ('wa', 'POSSC03'), ('Gauteng', 'FOR'), ('hu', 'SC17'), ('na', 'PREPOS'), ('thikhedzo', 'N09'), ('ya', 'POSSC09'), ('Muhasho', 'N03'), ('wa', 'POSSC03'), ('Mveledziso', 'N09'), ('ya', 'POSSC09'), ('Ikonomi', 'N09'), (',', 'ZM'), ('ḽi', 'SC05'), ('na', 'CONJ'), ('maanḓa', 'N06'), ('o', 'RELC06'), ('tewaho', 'V'), ('a', 'SC06'), ('u', 'NPRE'), ('ṋetshedza', 'V'), ('thikhedzo', 'N09'), ('na', 'CONJ'), ('mveledziso', 'N09'), ('ya', 'POSSC09'), ('SMME', 'FOR'), ('Vunduni', 'NLOC'), ('ḽa', 'POSSC05'), ('Gauteng', 'FOR'), ('hu', 'CP15'), ('tshi', 'SC07'), ('shumiswa', 'V'), ('thikhedzo', 'N09'), ('ya', 'POSSC09'), ('zwa', 'POSSC08'), ('masheleni', 'N06'), ('na', 'PREPOS'), ('ine', 'PROREL04'), ('i', 'SC09'), ('si', 'MORPHNEG'), ('vhe', 'PROPSTREL02'), ('ya', 'POSSC09'), ('masheleni', 'N06'), ('.', 'ZE')], [('Ndi', 'VCOP'), ('ngani', 'PARTQUE'), ('ho', 'RELC14'), ('thomiwa', 'V'), ('GEP', 'FOR'), ('?', 'ZE')]]