[[('TOT', 'X'), ('U', 'X'), ('DIENS', 'X')], [('Vrae', 'NOUN'), ('en', 'CCONJ'), ('Antwoorde', 'NOUN')], [('Wie', 'PRON'), ('is', 'AUX'), ('GEP', 'X'), ('?', 'PUNCT')], [('Die', 'DET'), ('Gauteng', 'PROPN'), ('Enterprise', 'PROPN'), ('Propeller', 'PROPN'), ('(', 'PUNCT'), ('GEP', 'X'), (')', 'PUNCT'), ('is', 'AUX'), ("'n", 'DET'), ('agentskap', 'NOUN'), ('wat', 'PRON'), ('deur', 'ADP'), ('die', 'DET'), ('Gautengse', 'ADJ'), ('Provinsiale', 'ADJ'), ('Regering', 'NOUN'), ('ingestel', 'VERB'), ('is', 'AUX'), ('onder', 'ADP'), ('beskerming', 'NOUN'), ('van', 'ADP'), ('die', 'DET'), ('Departement', 'NOUN'), ('van', 'ADP'), ('Ekonomiese', 'ADJ'), ('Ontwikkeling', 'NOUN'), (',', 'PUNCT'), ('met', 'ADP'), ("'n", 'DET'), ('spesifieke', 'ADJ'), ('mandaat', 'NOUN'), ('om', 'ADP'), ('ondersteuning', 'NOUN'), ('en', 'CCONJ'), ('ontwikkeling', 'NOUN'), ('aan', 'ADP'), ("KMMO's", 'NOUN'), ('in', 'ADP'), ('die', 'DET'), ('provinsie', 'NOUN'), ('Gauteng', 'NOUN'), ('te', 'PART'), ('verleen', 'VERB'), ('deur', 'ADP'), ('finansiële', 'ADJ'), ('en', 'CCONJ'), ('niefinansiële', 'ADJ'), ('maatreëls', 'NOUN'), ('.', 'PUNCT')]]