[[('IKHONA', 'NOUN'), ('KUTE', 'CCONJ'), ('IKUSITE', 'NOUN')], [('Imibuto', 'NOUN'), ('Netimphendvulo', 'ADV')], [('Ngubani', 'PART'), ('GEP', 'NOUN'), ('?', 'PUNCT')], [('IGauteng', 'NOUN'), ('Enterprise', 'VERB'), ('Propeller', 'NOUN'), ('(', 'PUNCT'), ('GEP', 'X'), (')', 'PUNCT'), ('yi-Ejensi', 'PART'), ('leyasungulwa', 'PART'), ('nguHulumende', 'PART'), ('weSifundza', 'PART'), ('saseGauteng', 'PART'), (',', 'PUNCT'), ('ngaphasi', 'ADV'), ('kweluphiko', 'PART'), ('lweLitiko', 'PART'), ('Lekutfutfukiswa', 'PART'), ('Kwemnotfo', 'PART'), (',', 'PUNCT'), ('ngeligunya', 'ADV'), ('ngco', 'X'), ('lekusita', 'PART'), ('ema-SMME', 'NOUN'), ('(', 'PUNCT'), ('Emabhizinisi', 'NOUN'), ('lasafufusa', 'PART'), (')', 'PUNCT'), ('nekutfutfukisa', 'ADV'), ('Sifundza', 'VERB'), ('saseGauteng', 'PART'), ('ngekusebentisa', 'ADV'), ('tindlela', 'NOUN'), ('tekusita', 'PART'), ('ngemali', 'ADV'), ('kanye', 'ADV'), ('naleto', 'ADV'), ('letingasiyo', 'PART'), ('imali', 'NOUN'), ('.', 'PUNCT')], [('Yasungulwelani', 'VERB'), ('i-GEP', 'NOUN'), ('?', 'PUNCT')]]