[[('RI', 'NOUN'), ('SHUMELA', 'PART'), ('VHONE', 'NOUN')], [('Mbudziso', 'NOUN'), ('na', 'CCONJ'), ('Phindulo', 'NOUN')], [('GEP', 'NOUN'), ('ndi', 'VERB'), ('nnyi', 'PART'), ('?', 'PUNCT')], [('Gauteng', 'NOUN'), ('Enterprise', 'NOUN'), ('Propeller', 'NOUN'), ('(', 'PUNCT'), ('GEP', 'NOUN'), (')', 'PUNCT'), ('ndi', 'VERB'), ('Zhendedzi', 'NOUN'), ('ḽe', 'PRON'), ('ḽa', 'PART'), ('thomiwa', 'VERB'), ('nga', 'ADP'), ('Muvhuso', 'NOUN'), ('wa', 'PART'), ('Vunḓu', 'NOUN'), ('wa', 'PART'), ('Gauteng', 'NOUN'), ('hu', 'PART'), ('na', 'CCONJ'), ('thikhedzo', 'NOUN'), ('ya', 'PART'), ('Muhasho', 'NOUN'), ('wa', 'PART'), ('Mveledziso', 'NOUN'), ('ya', 'PART'), ('Ikonomi', 'NOUN'), (',', 'PUNCT'), ('ḽi', 'PRON'), ('na', 'CCONJ'), ('maanḓa', 'NOUN'), ('o', 'PRON'), ('tewaho', 'VERB'), ('a', 'PRON'), ('u', 'NOUN'), ('ṋetshedza', 'VERB'), ('thikhedzo', 'NOUN'), ('na', 'CCONJ'), ('mveledziso', 'NOUN'), ('ya', 'PART'), ('SMME', 'NOUN'), ('Vunduni', 'NOUN'), ('ḽa', 'PART'), ('Gauteng', 'NOUN'), ('hu', 'PRON'), ('tshi', 'PRON'), ('shumiswa', 'VERB'), ('thikhedzo', 'NOUN'), ('ya', 'PART'), ('zwa', 'PART'), ('masheleni', 'NOUN'), ('na', 'ADP'), ('ine', 'PRON'), ('i', 'PRON'), ('si', 'PART'), ('vhe', 'PRON'), ('ya', 'PART'), ('masheleni', 'NOUN'), ('.', 'PUNCT')], [('Ndi', 'VERB'), ('ngani', 'PART'), ('ho', 'PRON'), ('thomiwa', 'VERB'), ('GEP', 'NOUN'), ('?', 'PUNCT')]]