[[('SIZIMISELE', 'B-MISC'), ('UKUSIZA', 'I-MISC'), ('WENA', 'I-MISC')], [('Imibuzo', 'OUT'), ('nezimpendulo', 'OUT')], [('Yini', 'OUT'), ('i-GEP', 'OUT'), ('?', 'OUT')], [('I-Gauteng', 'OUT'), ('Enterprise', 'B-ORG'), ('Propeller', 'I-ORG'), ('(', 'OUT'), ('GEP', 'B-MISC'), (')', 'OUT'), ('yiNhlangano', 'B-MISC'), ('eyasungulwa', 'I-MISC'), ('nguHulumeni', 'I-MISC'), ('Wesifundazwe', 'I-MISC'), ('saseGauteng', 'I-MISC'), (',', 'OUT'), ('ngaphansi', 'OUT'), ('koMnyango', 'B-MISC'), ('Wezokuthuthukiswa', 'I-MISC'), ('Komnotho', 'I-MISC'), (',', 'OUT'), ('njengoba', 'OUT'), ('inikezwe', 'OUT'), ('igunya', 'OUT'), ('elikhethekile', 'OUT'), ('lokuhlinzeka', 'OUT'), ('ama-SMME', 'OUT'), ('ngokwesekwa', 'OUT'), ('kanye', 'OUT'), ('nentuthuko', 'OUT'), ('eSifundazweni', 'B-MISC'), ('saseGauteng', 'I-MISC'), ('ngezimali', 'OUT'), ('nangezinye', 'OUT'), ('izindlela', 'OUT'), ('.', 'OUT')], [('Kungani', 'OUT'), ('i-GEP', 'B-MISC'), ('yasungulwa', 'OUT'), ('?', 'OUT')]]