[
  {
    "Language identifier-files": {
      "tn.input.test.txt": [
        [
          "Setswana"
        ]
      ]
    }
  }
]