[
  {
    "Language identifier-files": {
      "xh.input.test.txt": [
        [
          "isiXhosa"
        ]
      ]
    }
  }
]