[[('RE', 'NOUN'), ('A', 'PRON'), ('GO', 'VERB'), ('DIRELA', 'NOUN')], [('Dipotšišo', 'NOUN'), ('le', 'CCONJ'), ('Dikarabo', 'NOUN')], [('Naa', 'VERB'), ('Sehlongwatlhabollo', 'NOUN'), ('sa', 'PART'), ('Dikgwebo', 'NOUN'), ('sa', 'PART'), ('Gauteng', 'NOUN'), ('(', 'PUNCT'), ('GEP', 'NOUN'), (')', 'PUNCT'), ('ke', 'PART'), ('eng', 'PART'), ('?', 'PUNCT')], [('Sehlongwatlhabollo', 'NOUN'), ('sa', 'PART'), ('Dikgwebo', 'NOUN'), ('sa', 'PART'), ('Gauteng', 'NOUN'), ('(', 'PUNCT'), ('GEP', 'NOUN'), (')', 'PUNCT'), ('ke', 'PART'), ('setheo', 'NOUN'), ('seo', 'PRON'), ('se', 'PRON'), ('hlomilwego', 'VERB'), ('ke', 'PART'), ('Mmušo', 'NOUN'), ('wa', 'PART'), ('Phrobentshe', 'NOUN'), ('wa', 'PART'), ('Gauteng', 'NOUN'), (',', 'PUNCT'), ('ka', 'PART'), ('fase', 'NOUN'), ('ga', 'PART'), ('thekgo', 'NOUN'), ('ya', 'PART'), ('Kgoro', 'NOUN'), ('ya', 'PART'), ('Tlhabollo', 'NOUN'), ('ya', 'PART'), ('Ekonomi', 'NOUN'), (',', 'PUNCT'), ('ka', 'PART'), ('thomelo', 'NOUN'), ('ye', 'PRON'), ('itšego', 'VERB'), ('ya', 'PART'), ('go', 'VERB'), ('aba', 'VERB'), ('thekgo', 'NOUN'), ('le', 'CCONJ'), ('tlhabollo', 'NOUN'), ('go', 'PART'), ('Dikgwebopotlana', 'NOUN'), (',', 'PUNCT'), ('Dikgwebo', 'NOUN'), ('tša', 'PART'), ('magareng', 'NOUN'), ('le', 'CCONJ'), ('Dikgwebo', 'NOUN'), ('tše', 'PRON'), ('nnyane', 'ADJ'), ('(', 'PUNCT'), ('SMME', 'NOUN'), (')', 'PUNCT'), ('ka', 'PART'), ('Phrobentsheng', 'NOUN'), ('ya', 'PART'), ('Gauteng', 'NOUN'), ('ka', 'PART'), ('magato', 'NOUN'), ('a', 'PART'), ('ditšhelete', 'NOUN'), ('le', 'CCONJ'), ('ao', 'PRON'), ('a', 'PRON'), ('sego', 'VERB'), ('a', 'PART'), ('ditšhelete', 'NOUN'), ('.', 'PUNCT')], [('Naa', 'NOUN'), ('ke', 'PART'), ('ka', 'PART'), ('lebaka', 'NOUN'), ('la', 'PART'), ('eng', 'PART'), ('GEP', 'NOUN'), ('e', 'PRON'), ('hlomilwe', 'VERB'), ('?', 'PUNCT')]]