[[], ['TSHEBELETSONG_sebetsa', 'YA_ya', 'HAO_hao'], ['Dipotso_potso', 'le_le', 'Dikarabo_karabo'], ['GEP_gep', 'ke_ke', 'mang_mang', '?_?'], ['Gauteng_gauta', 'Enterprise_enterprise', 'Propeller_propeller', '(_(', 'GEP_gep', ')_)', 'ke_ke', 'Lekala_kala', 'la_la', 'Boemedi_emedi', 'le_le', 'ileng_ile', 'la_la', 'thehwa_theha', 'ke_ke', 'Mmuso_mmuso', 'wa_wa', 'Provense_provense', 'ya_ya', 'Gauteng_gaute', ',_,', 'tlasa_tlasa', 'taolo_taolo', 'ya_ya', 'Lefapha_fapha', 'la_la', 'Ntshetsopele_ntsha', 'ya_ya', 'Moruo_ruo', ',_,', 'ka_ka', 'sepheo_pheo', 'se_se', 'ikgethang_ikgetha', 'sa_sa', 'ho_ho', 'fana_fana', 'ka_ka', 'tshehetso_tshehetsa', 'le_le', 'ntshetsopele_ntsha', 'ya_ya', 'SMME_smme', 'ka_ka', 'hara_hara', 'Provense_provense', 'ya_ya', 'Gauteng_gaute', 'ka_ka', 'mekgwa_kgwa', 'ya_ya', 'ditshehetso_tshehetso', 'tsa_tsa', 'tjhelete_tjhelete', 'le_le', 'tseo_tseo', 'eseng_esa', 'tsa_tsa', 'tjhelete_tjhelete', '._.']]