[[('LAPHA', 'lapha'), ('USEBENZA', 'sebenza'), ('KHONA', 'khona')], [('Imibuzo', 'buzo'), ('neempendulo', 'pendulo')], [('Iyini', 'yini'), ('i-', 'i'), ('GEP', 'gep'), ('?', '?')], [('IGauteng', 'gauteng'), ('Enterprise', 'enterprise'), ('Propeller', 'propeller'), ('(', '('), ('i-GEP', 'gep'), (')', ')'), ('yi-Ejensi', 'ejensi'), ('eyahlonywa', 'hloma'), ('mBuso', 'buso'), ('wePhrovinsi', 'phrovinsi'), ('yeGauteng', 'gauteng'), (',', ','), ('ngaphasi', 'phasi'), ('kwesekelo', 'sekelo'), ('lomNyango', 'nyango'), ('wokuThuthukisa', 'thuthuka'), ('zomNotho', 'notho'), (',', ','), ('ngokwegunya', 'gunya'), ('elibunqopha', 'bunqopha'), ('lokunikela', 'nikela'), ('ama-SMME', 'smme'), ('isekelo', 'sekelo'), ('kanye', 'nye'), ('netuthuko', 'tuthuko'), ('ePhrovinsini', 'phrovinsi'), ('yeGauteng', 'gauteng'), ('Province', 'provinca'), ('ngokweemali', 'mali'), ('kanye', 'nye'), ('nalokho', 'lokho'), ('okungafaki', 'faka'), ('iimali', 'mali'), ('.', '.')], [('Kubayini', 'bayini'), ('kwahlonywa', 'hlonya'), ('i-GEP', 'gep'), ('?', '?')]]