[
  {
    "Universal part of speech-files": {
      "nso.input.test.txt": [
        {
          "doc": {
            "p": [
              {
                "lid": "NONE",
                "tokenised": true,
                "sent": {
                  "tokens": [
                    {
                      "start_char": 0,
                      "end_char": 2,
                      "upos": "NOUN",
                      "id": 1,
                      "text": "RE"
                    },
                    {
                      "start_char": 3,
                      "end_char": 4,
                      "upos": "PRON",
                      "id": 2,
                      "text": "A"
                    },
                    {
                      "start_char": 5,
                      "end_char": 7,
                      "upos": "VERB",
                      "id": 3,
                      "text": "GO"
                    },
                    {
                      "start_char": 8,
                      "end_char": 14,
                      "upos": "NOUN",
                      "id": 4,
                      "text": "DIRELA"
                    }
                  ]
                }
              },
              {
                "lid": "NONE",
                "tokenised": true,
                "sent": {
                  "tokens": [
                    {
                      "start_char": 0,
                      "end_char": 9,
                      "upos": "NOUN",
                      "id": 1,
                      "text": "Dipotšišo"
                    },
                    {
                      "start_char": 10,
                      "end_char": 12,
                      "upos": "CCONJ",
                      "id": 2,
                      "text": "le"
                    },
                    {
                      "start_char": 13,
                      "end_char": 21,
                      "upos": "NOUN",
                      "id": 3,
                      "text": "Dikarabo"
                    }
                  ]
                }
              },
              {
                "lid": "NONE",
                "tokenised": true,
                "sent": {
                  "tokens": [
                    {
                      "start_char": 0,
                      "end_char": 3,
                      "upos": "VERB",
                      "id": 1,
                      "text": "Naa"
                    },
                    {
                      "start_char": 4,
                      "end_char": 22,
                      "upos": "NOUN",
                      "id": 2,
                      "text": "Sehlongwatlhabollo"
                    },
                    {
                      "start_char": 23,
                      "end_char": 25,
                      "upos": "PART",
                      "id": 3,
                      "text": "sa"
                    },
                    {
                      "start_char": 26,
                      "end_char": 34,
                      "upos": "NOUN",
                      "id": 4,
                      "text": "Dikgwebo"
                    },
                    {
                      "start_char": 35,
                      "end_char": 37,
                      "upos": "PART",
                      "id": 5,
                      "text": "sa"
                    },
                    {
                      "start_char": 38,
                      "end_char": 45,
                      "upos": "NOUN",
                      "id": 6,
                      "text": "Gauteng"
                    },
                    {
                      "start_char": 46,
                      "end_char": 47,
                      "upos": "PUNCT",
                      "id": 7,
                      "text": "("
                    },
                    {
                      "start_char": 47,
                      "end_char": 50,
                      "upos": "NOUN",
                      "id": 8,
                      "text": "GEP"
                    },
                    {
                      "start_char": 50,
                      "end_char": 51,
                      "upos": "PUNCT",
                      "id": 9,
                      "text": ")"
                    },
                    {
                      "start_char": 52,
                      "end_char": 54,
                      "upos": "PART",
                      "id": 10,
                      "text": "ke"
                    },
                    {
                      "start_char": 55,
                      "end_char": 58,
                      "upos": "PART",
                      "id": 11,
                      "text": "eng"
                    },
                    {
                      "start_char": 58,
                      "end_char": 59,
                      "upos": "PUNCT",
                      "id": 12,
                      "text": "?"
                    }
                  ]
                }
              },
              {
                "lid": "NONE",
                "tokenised": true,
                "sent": {
                  "tokens": [
                    {
                      "start_char": 0,
                      "end_char": 18,
                      "upos": "NOUN",
                      "id": 1,
                      "text": "Sehlongwatlhabollo"
                    },
                    {
                      "start_char": 19,
                      "end_char": 21,
                      "upos": "PART",
                      "id": 2,
                      "text": "sa"
                    },
                    {
                      "start_char": 22,
                      "end_char": 30,
                      "upos": "NOUN",
                      "id": 3,
                      "text": "Dikgwebo"
                    },
                    {
                      "start_char": 31,
                      "end_char": 33,
                      "upos": "PART",
                      "id": 4,
                      "text": "sa"
                    },
                    {
                      "start_char": 34,
                      "end_char": 41,
                      "upos": "NOUN",
                      "id": 5,
                      "text": "Gauteng"
                    },
                    {
                      "start_char": 42,
                      "end_char": 43,
                      "upos": "PUNCT",
                      "id": 6,
                      "text": "("
                    },
                    {
                      "start_char": 43,
                      "end_char": 46,
                      "upos": "NOUN",
                      "id": 7,
                      "text": "GEP"
                    },
                    {
                      "start_char": 46,
                      "end_char": 47,
                      "upos": "PUNCT",
                      "id": 8,
                      "text": ")"
                    },
                    {
                      "start_char": 48,
                      "end_char": 50,
                      "upos": "PART",
                      "id": 9,
                      "text": "ke"
                    },
                    {
                      "start_char": 51,
                      "end_char": 57,
                      "upos": "NOUN",
                      "id": 10,
                      "text": "setheo"
                    },
                    {
                      "start_char": 58,
                      "end_char": 61,
                      "upos": "PRON",
                      "id": 11,
                      "text": "seo"
                    },
                    {
                      "start_char": 62,
                      "end_char": 64,
                      "upos": "PRON",
                      "id": 12,
                      "text": "se"
                    },
                    {
                      "start_char": 65,
                      "end_char": 75,
                      "upos": "VERB",
                      "id": 13,
                      "text": "hlomilwego"
                    },
                    {
                      "start_char": 76,
                      "end_char": 78,
                      "upos": "PART",
                      "id": 14,
                      "text": "ke"
                    },
                    {
                      "start_char": 79,
                      "end_char": 84,
                      "upos": "NOUN",
                      "id": 15,
                      "text": "Mmušo"
                    },
                    {
                      "start_char": 85,
                      "end_char": 87,
                      "upos": "PART",
                      "id": 16,
                      "text": "wa"
                    },
                    {
                      "start_char": 88,
                      "end_char": 99,
                      "upos": "NOUN",
                      "id": 17,
                      "text": "Phrobentshe"
                    },
                    {
                      "start_char": 100,
                      "end_char": 102,
                      "upos": "PART",
                      "id": 18,
                      "text": "wa"
                    },
                    {
                      "start_char": 103,
                      "end_char": 110,
                      "upos": "NOUN",
                      "id": 19,
                      "text": "Gauteng"
                    },
                    {
                      "start_char": 110,
                      "end_char": 111,
                      "upos": "PUNCT",
                      "id": 20,
                      "text": ","
                    },
                    {
                      "start_char": 112,
                      "end_char": 114,
                      "upos": "PART",
                      "id": 21,
                      "text": "ka"
                    },
                    {
                      "start_char": 115,
                      "end_char": 119,
                      "upos": "NOUN",
                      "id": 22,
                      "text": "fase"
                    },
                    {
                      "start_char": 120,
                      "end_char": 122,
                      "upos": "PART",
                      "id": 23,
                      "text": "ga"
                    },
                    {
                      "start_char": 123,
                      "end_char": 129,
                      "upos": "NOUN",
                      "id": 24,
                      "text": "thekgo"
                    },
                    {
                      "start_char": 130,
                      "end_char": 132,
                      "upos": "PART",
                      "id": 25,
                      "text": "ya"
                    },
                    {
                      "start_char": 133,
                      "end_char": 138,
                      "upos": "NOUN",
                      "id": 26,
                      "text": "Kgoro"
                    },
                    {
                      "start_char": 139,
                      "end_char": 141,
                      "upos": "PART",
                      "id": 27,
                      "text": "ya"
                    },
                    {
                      "start_char": 142,
                      "end_char": 151,
                      "upos": "NOUN",
                      "id": 28,
                      "text": "Tlhabollo"
                    },
                    {
                      "start_char": 152,
                      "end_char": 154,
                      "upos": "PART",
                      "id": 29,
                      "text": "ya"
                    },
                    {
                      "start_char": 155,
                      "end_char": 162,
                      "upos": "NOUN",
                      "id": 30,
                      "text": "Ekonomi"
                    },
                    {
                      "start_char": 162,
                      "end_char": 163,
                      "upos": "PUNCT",
                      "id": 31,
                      "text": ","
                    },
                    {
                      "start_char": 164,
                      "end_char": 166,
                      "upos": "PART",
                      "id": 32,
                      "text": "ka"
                    },
                    {
                      "start_char": 167,
                      "end_char": 174,
                      "upos": "NOUN",
                      "id": 33,
                      "text": "thomelo"
                    },
                    {
                      "start_char": 175,
                      "end_char": 177,
                      "upos": "PRON",
                      "id": 34,
                      "text": "ye"
                    },
                    {
                      "start_char": 178,
                      "end_char": 184,
                      "upos": "VERB",
                      "id": 35,
                      "text": "itšego"
                    },
                    {
                      "start_char": 185,
                      "end_char": 187,
                      "upos": "PART",
                      "id": 36,
                      "text": "ya"
                    },
                    {
                      "start_char": 188,
                      "end_char": 190,
                      "upos": "VERB",
                      "id": 37,
                      "text": "go"
                    },
                    {
                      "start_char": 191,
                      "end_char": 194,
                      "upos": "VERB",
                      "id": 38,
                      "text": "aba"
                    },
                    {
                      "start_char": 195,
                      "end_char": 201,
                      "upos": "NOUN",
                      "id": 39,
                      "text": "thekgo"
                    },
                    {
                      "start_char": 202,
                      "end_char": 204,
                      "upos": "CCONJ",
                      "id": 40,
                      "text": "le"
                    },
                    {
                      "start_char": 205,
                      "end_char": 214,
                      "upos": "NOUN",
                      "id": 41,
                      "text": "tlhabollo"
                    },
                    {
                      "start_char": 215,
                      "end_char": 217,
                      "upos": "PART",
                      "id": 42,
                      "text": "go"
                    },
                    {
                      "start_char": 218,
                      "end_char": 233,
                      "upos": "NOUN",
                      "id": 43,
                      "text": "Dikgwebopotlana"
                    },
                    {
                      "start_char": 233,
                      "end_char": 234,
                      "upos": "PUNCT",
                      "id": 44,
                      "text": ","
                    },
                    {
                      "start_char": 235,
                      "end_char": 243,
                      "upos": "NOUN",
                      "id": 45,
                      "text": "Dikgwebo"
                    },
                    {
                      "start_char": 244,
                      "end_char": 247,
                      "upos": "PART",
                      "id": 46,
                      "text": "tša"
                    },
                    {
                      "start_char": 248,
                      "end_char": 256,
                      "upos": "NOUN",
                      "id": 47,
                      "text": "magareng"
                    },
                    {
                      "start_char": 257,
                      "end_char": 259,
                      "upos": "CCONJ",
                      "id": 48,
                      "text": "le"
                    },
                    {
                      "start_char": 260,
                      "end_char": 268,
                      "upos": "NOUN",
                      "id": 49,
                      "text": "Dikgwebo"
                    },
                    {
                      "start_char": 269,
                      "end_char": 272,
                      "upos": "PRON",
                      "id": 50,
                      "text": "tše"
                    },
                    {
                      "start_char": 273,
                      "end_char": 279,
                      "upos": "ADJ",
                      "id": 51,
                      "text": "nnyane"
                    },
                    {
                      "start_char": 280,
                      "end_char": 281,
                      "upos": "PUNCT",
                      "id": 52,
                      "text": "("
                    },
                    {
                      "start_char": 281,
                      "end_char": 285,
                      "upos": "NOUN",
                      "id": 53,
                      "text": "SMME"
                    },
                    {
                      "start_char": 285,
                      "end_char": 286,
                      "upos": "PUNCT",
                      "id": 54,
                      "text": ")"
                    },
                    {
                      "start_char": 287,
                      "end_char": 289,
                      "upos": "PART",
                      "id": 55,
                      "text": "ka"
                    },
                    {
                      "start_char": 290,
                      "end_char": 303,
                      "upos": "NOUN",
                      "id": 56,
                      "text": "Phrobentsheng"
                    },
                    {
                      "start_char": 304,
                      "end_char": 306,
                      "upos": "PART",
                      "id": 57,
                      "text": "ya"
                    },
                    {
                      "start_char": 307,
                      "end_char": 314,
                      "upos": "NOUN",
                      "id": 58,
                      "text": "Gauteng"
                    },
                    {
                      "start_char": 315,
                      "end_char": 317,
                      "upos": "PART",
                      "id": 59,
                      "text": "ka"
                    },
                    {
                      "start_char": 318,
                      "end_char": 324,
                      "upos": "NOUN",
                      "id": 60,
                      "text": "magato"
                    },
                    {
                      "start_char": 325,
                      "end_char": 326,
                      "upos": "PART",
                      "id": 61,
                      "text": "a"
                    },
                    {
                      "start_char": 327,
                      "end_char": 337,
                      "upos": "NOUN",
                      "id": 62,
                      "text": "ditšhelete"
                    },
                    {
                      "start_char": 338,
                      "end_char": 340,
                      "upos": "CCONJ",
                      "id": 63,
                      "text": "le"
                    },
                    {
                      "start_char": 341,
                      "end_char": 343,
                      "upos": "PRON",
                      "id": 64,
                      "text": "ao"
                    },
                    {
                      "start_char": 344,
                      "end_char": 345,
                      "upos": "PRON",
                      "id": 65,
                      "text": "a"
                    },
                    {
                      "start_char": 346,
                      "end_char": 350,
                      "upos": "VERB",
                      "id": 66,
                      "text": "sego"
                    },
                    {
                      "start_char": 351,
                      "end_char": 352,
                      "upos": "PART",
                      "id": 67,
                      "text": "a"
                    },
                    {
                      "start_char": 353,
                      "end_char": 363,
                      "upos": "NOUN",
                      "id": 68,
                      "text": "ditšhelete"
                    },
                    {
                      "start_char": 363,
                      "end_char": 364,
                      "upos": "PUNCT",
                      "id": 69,
                      "text": "."
                    }
                  ]
                }
              },
              {
                "lid": "NONE",
                "tokenised": true,
                "sent": {
                  "tokens": [
                    {
                      "start_char": 0,
                      "end_char": 3,
                      "upos": "NOUN",
                      "id": 1,
                      "text": "Naa"
                    },
                    {
                      "start_char": 4,
                      "end_char": 6,
                      "upos": "PART",
                      "id": 2,
                      "text": "ke"
                    },
                    {
                      "start_char": 7,
                      "end_char": 9,
                      "upos": "PART",
                      "id": 3,
                      "text": "ka"
                    },
                    {
                      "start_char": 10,
                      "end_char": 16,
                      "upos": "NOUN",
                      "id": 4,
                      "text": "lebaka"
                    },
                    {
                      "start_char": 17,
                      "end_char": 19,
                      "upos": "PART",
                      "id": 5,
                      "text": "la"
                    },
                    {
                      "start_char": 20,
                      "end_char": 23,
                      "upos": "PART",
                      "id": 6,
                      "text": "eng"
                    },
                    {
                      "start_char": 24,
                      "end_char": 27,
                      "upos": "NOUN",
                      "id": 7,
                      "text": "GEP"
                    },
                    {
                      "start_char": 28,
                      "end_char": 29,
                      "upos": "PRON",
                      "id": 8,
                      "text": "e"
                    },
                    {
                      "start_char": 30,
                      "end_char": 38,
                      "upos": "VERB",
                      "id": 9,
                      "text": "hlomilwe"
                    },
                    {
                      "start_char": 38,
                      "end_char": 39,
                      "upos": "PUNCT",
                      "id": 10,
                      "text": "?"
                    }
                  ]
                }
              }
            ]
          }
        }
      ]
    }
  }
]