[['SIZIMISELE_VERB', 'UKUSIZA_NOUN', 'WENA_PART'], ['Imibuzo_NOUN', 'nezimpendulo_ADV'], ['Yini_PART', 'i-GEP_NOUN', '?_PUNCT'], ['I-Gauteng_NOUN', 'Enterprise_PART', 'Propeller_NOUN', '(_PUNCT', 'GEP_X', ')_PUNCT', 'yiNhlangano_PART', 'eyasungulwa_PART', 'nguHulumeni_PART', 'Wesifundazwe_PART', 'saseGauteng_PART', ',_PUNCT', 'ngaphansi_ADV', 'koMnyango_PART', 'Wezokuthuthukiswa_PART', 'Komnotho_PART', ',_PUNCT', 'njengoba_CCONJ', 'inikezwe_VERB', 'igunya_NOUN', 'elikhethekile_PART', 'lokuhlinzeka_PART', 'ama-SMME_NOUN', 'ngokwesekwa_ADV', 'kanye_ADV', 'nentuthuko_ADV', 'eSifundazweni_NOUN', 'saseGauteng_PART', 'ngezimali_ADV', 'nangezinye_ADV', 'izindlela_NOUN', '._PUNCT'], ['Kungani_NOUN', 'i-GEP_NOUN', 'yasungulwa_PART', '?_PUNCT']]