[['IKHONA_OUT', 'KUTE_B-MISC', 'IKUSITE_I-MISC'], ['Imibuto_OUT', 'Netimphendvulo_B-PERS'], ['Ngubani_OUT', 'GEP_B-MISC', '?_OUT'], ['IGauteng_B-ORG', 'Enterprise_I-ORG', 'Propeller_I-ORG', '(_OUT', 'GEP_B-ORG', ')_OUT', 'yi-Ejensi_OUT', 'leyasungulwa_OUT', 'nguHulumende_B-MISC', 'weSifundza_I-MISC', 'saseGauteng_I-MISC', ',_OUT', 'ngaphasi_OUT', 'kweluphiko_OUT', 'lweLitiko_B-ORG', 'Lekutfutfukiswa_I-ORG', 'Kwemnotfo_I-ORG', ',_OUT', 'ngeligunya_OUT', 'ngco_OUT', 'lekusita_OUT', 'ema-SMME_OUT', '(_OUT', 'Emabhizinisi_OUT', 'lasafufusa_OUT', ')_OUT', 'nekutfutfukisa_OUT', 'Sifundza_OUT', 'saseGauteng_OUT', 'ngekusebentisa_OUT', 'tindlela_OUT', 'tekusita_OUT', 'ngemali_OUT', 'kanye_OUT', 'naleto_OUT', 'letingasiyo_OUT', 'imali_OUT', '._OUT'], ['Yasungulwelani_OUT', 'i-GEP_OUT', '?_OUT']]