[[], [('TSHEBELETSONG', 'N09'), ('YA', 'POSSC09'), ('HAO', 'N09')], [('Dipotso', 'N10'), ('le', 'PART'), ('Dikarabo', 'N10')], [('GEP', 'V'), ('ke', 'PART'), ('mang', 'N01a'), ('?', 'ZE')], [('Gauteng', 'V'), ('Enterprise', 'FOR'), ('Propeller', 'FOR'), ('(', 'ZPL'), ('GEP', 'ABBR'), (')', 'ZPR'), ('ke', 'VCOP'), ('Lekala', 'N05'), ('la', 'POSSC05'), ('Boemedi', 'N14'), ('le', 'PART'), ('ileng', 'VAUX'), ('la', 'SC05'), ('thehwa', 'V'), ('ke', 'PART'), ('Mmuso', 'N03'), ('wa', 'POSSC03'), ('Provense', 'N09'), ('ya', 'POSSC09'), ('Gauteng', 'N09'), (',', 'ZM'), ('tlasa', 'NLOC'), ('taolo', 'N09'), ('ya', 'POSSC09'), ('Lefapha', 'N05'), ('la', 'POSSC05'), ('Ntshetsopele', 'N09'), ('ya', 'POSSC09'), ('Moruo', 'N03'), (',', 'ZM'), ('ka', 'PART'), ('sepheo', 'N07'), ('se', 'SC07'), ('ikgethang', 'V'), ('sa', 'POSSC07'), ('ho', 'NPRE'), ('fana', 'V'), ('ka', 'PART'), ('tshehetso', 'N09'), ('le', 'PART'), ('ntshetsopele', 'N09'), ('ya', 'POSSC09'), ('SMME', 'ABBR'), ('ka', 'PART'), ('hara', 'NLOC'), ('Provense', 'N09'), ('ya', 'POSSC09'), ('Gauteng', 'N09'), ('ka', 'PART'), ('mekgwa', 'N04'), ('ya', 'POSSC04'), ('ditshehetso', 'N10'), ('tsa', 'POSSC10'), ('tjhelete', 'N09'), ('le', 'PART'), ('tseo', 'DEM10'), ('eseng', 'V'), ('tsa', 'POSSC10'), ('tjhelete', 'N09'), ('.', 'ZE')]]