[['HA_ha', 'KU_ku', 'KORHOKELA_korhokela'], ['Swivutiso_vutiso', 'na_na', 'Tinhlamulo_hlamulo'], ['Xana_xana', 'i_i', 'yini_yini', 'GEP_gep', '?_?'], ['Xindzuluti_ndzuluti', 'xa_xa', 'Mabindzu_mabindzu', 'ya_ya', 'Gauteng_gauteng', '-_-', 'Gauteng_gauteng', 'Enterprise_enterprise', 'Propeller_propeller', '(_(', 'GEP_gep', ')_)', 'i_i', 'xiyenge_yenge', 'lexi_lexi', 'tumbuluxiweke_tumbuluxiweke', 'hi_hi', 'Mfumo_mfumo', 'wa_wa', 'Xifundzankulu_fundzankulu', 'xa_xa', 'Gauteng_gauteng', ',_,', 'hi_hi', 'ku_ku', 'landza_landza', 'swipimelo_pimelo', 'swa_swa', 'Ndzawulo_ndzawulo', 'ya_ya', 'Nhluvukiso_nhluvukiso', 'wa_wa', 'Ikhonomi_ikhonomi', ',_,', 'hi_hi', 'xirhumo_rhumo', 'xo_xo', 'nyika_nyika', 'nseketelo_nseketelo', 'na_na', 'nhluvuko_nhluvuko', 'eka_eka', 'tiSMME_smme', 'eka_eka', 'Xifundzankulu_fundzankulu', 'xa_xa', 'Gauteng_gauteng', 'hi_hi', 'ku_ku', 'tirhisa_tirhisa', 'timali_mali', 'na_na', 'leswi_leswi', 'nga_nga', 'riki_ki', 'mali_mali', '._.'], ['Xana_xana', 'hikokwalaho_hikokwalaho', 'ka_ka', 'yini_yini', 'ku_ku', 'tumbuluxiwile_tumbuluxiwa', 'GEP_gep', '?_?']]