[[('RE', 'B-NOUN'), ('A', 'B-PREP'), ('GO', 'B-NOUN'), ('DIRELA', 'OUT')], [('Dipotšišo', 'B-NOUN'), ('le', 'OUT'), ('Dikarabo', 'B-NOUN')], [('Naa', 'B-VERB'), ('Sehlongwatlhabollo', 'B-NOUN'), ('sa', 'B-PREP'), ('Dikgwebo', 'B-NOUN'), ('sa', 'B-PREP'), ('Gauteng', 'B-NOUN'), ('(', 'OUT'), ('GEP', 'OUT'), (')', 'OUT'), ('ke', 'B-VERB'), ('eng', 'B-NOUN'), ('?', 'OUT')], [('Sehlongwatlhabollo', 'B-NOUN'), ('sa', 'B-PREP'), ('Dikgwebo', 'B-NOUN'), ('sa', 'B-PREP'), ('Gauteng', 'B-NOUN'), ('(', 'OUT'), ('GEP', 'OUT'), (')', 'OUT'), ('ke', 'B-VERB'), ('setheo', 'B-NOUN'), ('seo', 'OUT'), ('se', 'B-VERB'), ('hlomilwego', 'I-VERB'), ('ke', 'B-PREP'), ('Mmušo', 'B-NOUN'), ('wa', 'B-PREP'), ('Phrobentshe', 'B-NOUN'), ('wa', 'B-PREP'), ('Gauteng', 'B-NOUN'), (',', 'OUT'), ('ka', 'B-PREP'), ('fase', 'B-NOUN'), ('ga', 'B-PREP'), ('thekgo', 'B-NOUN'), ('ya', 'B-PREP'), ('Kgoro', 'B-NOUN'), ('ya', 'B-PREP'), ('Tlhabollo', 'B-NOUN'), ('ya', 'B-PREP'), ('Ekonomi', 'B-NOUN'), (',', 'OUT'), ('ka', 'B-PREP'), ('thomelo', 'B-NOUN'), ('ye', 'I-NOUN'), ('itšego', 'I-NOUN'), ('ya', 'B-PREP'), ('go', 'B-VERB'), ('aba', 'I-VERB'), ('thekgo', 'B-NOUN'), ('le', 'OUT'), ('tlhabollo', 'B-NOUN'), ('go', 'B-VERB'), ('Dikgwebopotlana', 'I-VERB'), (',', 'OUT'), ('Dikgwebo', 'B-NOUN'), ('tša', 'B-PREP'), ('magareng', 'B-NOUN'), ('le', 'OUT'), ('Dikgwebo', 'B-NOUN'), ('tše', 'I-NOUN'), ('nnyane', 'I-NOUN'), ('(', 'OUT'), ('SMME', 'OUT'), (')', 'OUT'), ('ka', 'B-PREP'), ('Phrobentsheng', 'B-NOUN'), ('ya', 'B-PREP'), ('Gauteng', 'B-NOUN'), ('ka', 'B-PREP'), ('magato', 'B-NOUN'), ('a', 'B-PREP'), ('ditšhelete', 'B-NOUN'), ('le', 'OUT'), ('ao', 'OUT'), ('a', 'B-VERB'), ('sego', 'I-VERB'), ('a', 'B-PREP'), ('ditšhelete', 'B-NOUN'), ('.', 'OUT')], [('Naa', 'B-NOUN'), ('ke', 'B-PREP'), ('ka', 'B-PREP'), ('lebaka', 'B-NOUN'), ('la', 'B-PREP'), ('eng', 'B-NOUN'), ('GEP', 'OUT'), ('e', 'B-VERB'), ('hlomilwe', 'I-VERB'), ('?', 'OUT')]]