[['SIZIMISELE_B-MISC', 'UKUSIZA_I-MISC', 'WENA_I-MISC'], ['Imibuzo_OUT', 'nezimpendulo_OUT'], ['Yini_OUT', 'i-GEP_OUT', '?_OUT'], ['I-Gauteng_OUT', 'Enterprise_B-ORG', 'Propeller_I-ORG', '(_OUT', 'GEP_B-MISC', ')_OUT', 'yiNhlangano_B-MISC', 'eyasungulwa_I-MISC', 'nguHulumeni_I-MISC', 'Wesifundazwe_I-MISC', 'saseGauteng_I-MISC', ',_OUT', 'ngaphansi_OUT', 'koMnyango_B-MISC', 'Wezokuthuthukiswa_I-MISC', 'Komnotho_I-MISC', ',_OUT', 'njengoba_OUT', 'inikezwe_OUT', 'igunya_OUT', 'elikhethekile_OUT', 'lokuhlinzeka_OUT', 'ama-SMME_OUT', 'ngokwesekwa_OUT', 'kanye_OUT', 'nentuthuko_OUT', 'eSifundazweni_B-MISC', 'saseGauteng_I-MISC', 'ngezimali_OUT', 'nangezinye_OUT', 'izindlela_OUT', '._OUT'], ['Kungani_OUT', 'i-GEP_B-MISC', 'yasungulwa_OUT', '?_OUT']]