[
  {
    "doc": {
      "p": [
        {
          "lid": "NONE",
          "tokenised": true,
          "sent": {
            "tokens": [
              {
                "start_char": 0,
                "pos": "V",
                "end_char": 6,
                "lemma": "khona",
                "id": 1,
                "text": "IKHONA"
              },
              {
                "start_char": 7,
                "pos": "CONJ",
                "end_char": 11,
                "lemma": "kute",
                "id": 2,
                "text": "KUTE"
              },
              {
                "start_char": 12,
                "pos": "N09",
                "end_char": 19,
                "lemma": "site",
                "id": 3,
                "text": "IKUSITE"
              }
            ]
          }
        },
        {
          "lid": "NONE",
          "tokenised": true,
          "sent": {
            "tokens": [
              {
                "start_char": 0,
                "pos": "N04",
                "end_char": 7,
                "lemma": "buto",
                "id": 1,
                "text": "Imibuto"
              },
              {
                "start_char": 8,
                "pos": "ADV",
                "end_char": 22,
                "lemma": "mphendvulo",
                "id": 2,
                "text": "Netimphendvulo"
              }
            ]
          }
        },
        {
          "lid": "NONE",
          "tokenised": true,
          "sent": {
            "tokens": [
              {
                "start_char": 0,
                "pos": "COP",
                "end_char": 7,
                "lemma": "bani",
                "id": 1,
                "text": "Ngubani"
              },
              {
                "start_char": 8,
                "pos": "ABBR",
                "end_char": 11,
                "lemma": "gep",
                "id": 2,
                "text": "GEP"
              },
              {
                "start_char": 11,
                "pos": "PUNC",
                "end_char": 12,
                "lemma": "?",
                "id": 3,
                "text": "?"
              }
            ]
          }
        },
        {
          "lid": "NONE",
          "tokenised": true,
          "sent": {
            "tokens": [
              {
                "start_char": 0,
                "pos": "N09",
                "end_char": 8,
                "lemma": "gauteng",
                "id": 1,
                "text": "IGauteng"
              },
              {
                "start_char": 9,
                "pos": "V",
                "end_char": 19,
                "lemma": "enterprisa",
                "id": 2,
                "text": "Enterprise"
              },
              {
                "start_char": 20,
                "pos": "NPP",
                "end_char": 29,
                "lemma": "propeller",
                "id": 3,
                "text": "Propeller"
              },
              {
                "start_char": 30,
                "pos": "PUNC",
                "end_char": 31,
                "lemma": "(",
                "id": 4,
                "text": "("
              },
              {
                "start_char": 31,
                "pos": "ABBR",
                "end_char": 34,
                "lemma": "gep",
                "id": 5,
                "text": "GEP"
              },
              {
                "start_char": 34,
                "pos": "PUNC",
                "end_char": 35,
                "lemma": ")",
                "id": 6,
                "text": ")"
              },
              {
                "start_char": 36,
                "pos": "COP",
                "end_char": 45,
                "lemma": "ejensi",
                "id": 7,
                "text": "yi-Ejensi"
              },
              {
                "start_char": 46,
                "pos": "REL",
                "end_char": 58,
                "lemma": "sungula",
                "id": 8,
                "text": "leyasungulwa"
              },
              {
                "start_char": 59,
                "pos": "COP",
                "end_char": 71,
                "lemma": "hulumende",
                "id": 9,
                "text": "nguHulumende"
              },
              {
                "start_char": 72,
                "pos": "POSS01",
                "end_char": 82,
                "lemma": "fundza",
                "id": 10,
                "text": "weSifundza"
              },
              {
                "start_char": 83,
                "pos": "POSS07",
                "end_char": 94,
                "lemma": "gauteng",
                "id": 11,
                "text": "saseGauteng"
              },
              {
                "start_char": 94,
                "pos": "PUNC",
                "end_char": 95,
                "lemma": ",",
                "id": 12,
                "text": ","
              },
              {
                "start_char": 96,
                "pos": "ADV",
                "end_char": 104,
                "lemma": "phasi",
                "id": 13,
                "text": "ngaphasi"
              },
              {
                "start_char": 105,
                "pos": "POSS15",
                "end_char": 115,
                "lemma": "phiko",
                "id": 14,
                "text": "kweluphiko"
              },
              {
                "start_char": 116,
                "pos": "POSS11",
                "end_char": 125,
                "lemma": "tiko",
                "id": 15,
                "text": "lweLitiko"
              },
              {
                "start_char": 126,
                "pos": "REL",
                "end_char": 141,
                "lemma": "tfutfukisa",
                "id": 16,
                "text": "Lekutfutfukiswa"
              },
              {
                "start_char": 142,
                "pos": "POSS15",
                "end_char": 151,
                "lemma": "notfo",
                "id": 17,
                "text": "Kwemnotfo"
              },
              {
                "start_char": 151,
                "pos": "PUNC",
                "end_char": 152,
                "lemma": ",",
                "id": 18,
                "text": ","
              },
              {
                "start_char": 153,
                "pos": "ADV",
                "end_char": 163,
                "lemma": "gunya",
                "id": 19,
                "text": "ngeligunya"
              },
              {
                "start_char": 164,
                "pos": "IDEO",
                "end_char": 168,
                "lemma": "ngco",
                "id": 20,
                "text": "ngco"
              },
              {
                "start_char": 169,
                "pos": "REL",
                "end_char": 177,
                "lemma": "sita",
                "id": 21,
                "text": "lekusita"
              },
              {
                "start_char": 178,
                "pos": "N06",
                "end_char": 186,
                "lemma": "smme",
                "id": 22,
                "text": "ema-SMME"
              },
              {
                "start_char": 187,
                "pos": "PUNC",
                "end_char": 188,
                "lemma": "(",
                "id": 23,
                "text": "("
              },
              {
                "start_char": 188,
                "pos": "N06",
                "end_char": 200,
                "lemma": "bhizinisi",
                "id": 24,
                "text": "Emabhizinisi"
              },
              {
                "start_char": 201,
                "pos": "REL",
                "end_char": 211,
                "lemma": "fufusa",
                "id": 25,
                "text": "lasafufusa"
              },
              {
                "start_char": 211,
                "pos": "PUNC",
                "end_char": 212,
                "lemma": ")",
                "id": 26,
                "text": ")"
              },
              {
                "start_char": 213,
                "pos": "ADV",
                "end_char": 227,
                "lemma": "tfutfuka",
                "id": 27,
                "text": "nekutfutfukisa"
              },
              {
                "start_char": 228,
                "pos": "N07",
                "end_char": 236,
                "lemma": "fundza",
                "id": 28,
                "text": "Sifundza"
              },
              {
                "start_char": 237,
                "pos": "POSS07",
                "end_char": 248,
                "lemma": "gauteng",
                "id": 29,
                "text": "saseGauteng"
              },
              {
                "start_char": 249,
                "pos": "ADV",
                "end_char": 263,
                "lemma": "sebenta",
                "id": 30,
                "text": "ngekusebentisa"
              },
              {
                "start_char": 264,
                "pos": "N10",
                "end_char": 272,
                "lemma": "dlela",
                "id": 31,
                "text": "tindlela"
              },
              {
                "start_char": 273,
                "pos": "POSS10",
                "end_char": 281,
                "lemma": "sita",
                "id": 32,
                "text": "tekusita"
              },
              {
                "start_char": 282,
                "pos": "ADV",
                "end_char": 289,
                "lemma": "mali",
                "id": 33,
                "text": "ngemali"
              },
              {
                "start_char": 290,
                "pos": "CONJ",
                "end_char": 295,
                "lemma": "kanye",
                "id": 34,
                "text": "kanye"
              },
              {
                "start_char": 296,
                "pos": "ADV",
                "end_char": 302,
                "lemma": "leto",
                "id": 35,
                "text": "naleto"
              },
              {
                "start_char": 303,
                "pos": "REL",
                "end_char": 314,
                "lemma": "siyo",
                "id": 36,
                "text": "letingasiyo"
              },
              {
                "start_char": 315,
                "pos": "N09",
                "end_char": 320,
                "lemma": "mali",
                "id": 37,
                "text": "imali"
              },
              {
                "start_char": 320,
                "pos": "PUNC",
                "end_char": 321,
                "lemma": ".",
                "id": 38,
                "text": "."
              }
            ]
          }
        },
        {
          "lid": "NONE",
          "tokenised": true,
          "sent": {
            "tokens": [
              {
                "start_char": 0,
                "pos": "V",
                "end_char": 14,
                "lemma": "sungulwelani",
                "id": 1,
                "text": "Yasungulwelani"
              },
              {
                "start_char": 15,
                "pos": "N09",
                "end_char": 20,
                "lemma": "gep",
                "id": 2,
                "text": "i-GEP"
              },
              {
                "start_char": 20,
                "pos": "PUNC",
                "end_char": 21,
                "lemma": "?",
                "id": 3,
                "text": "?"
              }
            ]
          }
        }
      ]
    }
  }
]