[[('RI', 'ri'), ('SHUMELA', 'shumela'), ('VHONE', 'vhone')], [('Mbudziso', 'mbudziso'), ('na', 'na'), ('Phindulo', 'phindulo')], [('GEP', 'gep'), ('ndi', 'ndi'), ('nnyi', 'nnyi'), ('?', '?')], [('Gauteng', 'gauteng'), ('Enterprise', 'enterprise'), ('Propeller', 'propeller'), ('(', '('), ('GEP', 'gep'), (')', ')'), ('ndi', 'ndi'), ('Zhendedzi', 'zhendedzi'), ('ḽe', 'ḽe'), ('ḽa', 'ḽa'), ('thomiwa', 'thoma'), ('nga', 'nga'), ('Muvhuso', 'muvhuso'), ('wa', 'wa'), ('Vunḓu', 'vunḓu'), ('wa', 'wa'), ('Gauteng', 'gauteng'), ('hu', 'hu'), ('na', 'na'), ('thikhedzo', 'thikhedzo'), ('ya', 'ya'), ('Muhasho', 'muhasho'), ('wa', 'wa'), ('Mveledziso', 'mveledziso'), ('ya', 'ya'), ('Ikonomi', 'ikonomi'), (',', ','), ('ḽi', 'ḽi'), ('na', 'na'), ('maanḓa', 'maanḓa'), ('o', 'o'), ('tewaho', 'tea'), ('a', 'a'), ('u', 'u'), ('ṋetshedza', 'ṋetshedza'), ('thikhedzo', 'thikhedzo'), ('na', 'na'), ('mveledziso', 'mveledziso'), ('ya', 'ya'), ('SMME', 'smme'), ('Vunduni', 'vundu'), ('ḽa', 'ḽa'), ('Gauteng', 'gauteng'), ('hu', 'hu'), ('tshi', 'tshi'), ('shumiswa', 'shumisa'), ('thikhedzo', 'thikhedzo'), ('ya', 'ya'), ('zwa', 'zwa'), ('masheleni', 'sheleni'), ('na', 'na'), ('ine', 'ine'), ('i', 'i'), ('si', 'si'), ('vhe', 'vhe'), ('ya', 'ya'), ('masheleni', 'sheleni'), ('.', '.')], [('Ndi', 'ndi'), ('ngani', 'ngani'), ('ho', 'ho'), ('thomiwa', 'thoma'), ('GEP', 'gep'), ('?', '?')]]