[['LAPHA_LA[Abbr]-PHA[Abbr]', 'USEBENZA_U[Adv]-SEBENZ[Abbr]-A[Abbr]', 'KHONA_KHONA[Abbr]'], ['Imibuzo_I[Abbr]-mi[BPre4]-buzo[NStem]', 'neempendulo_ne[AdvPre]-e[LocPre]-m[BPre4]-pendulo[NStem]'], ['Iyini_I[Abbr]-yini[Interrog]', 'i-_i[NPrePre4]', 'GEP_GEP[Abbr]', '?_?[Punc]'], ['IGauteng_I[Adv]-Gauteng[ProperName]', 'Enterprise_Enter[Foreign]-pris[VRoot]-e[VerbTerm]', 'Propeller_P[AdvPre]-ropeller[NStem]', '(_([Punc]', 'i-GEP_i[NPrePre5]-GEP[Abbr]', ')_)[Punc]', 'yi-Ejensi_yi[CopPre]-Ejensi[ProperName]', 'eyahlonywa_e[LocPre]-ya[Pres]-hlonyw[VRoot]-a[VerbTerm]', 'mBuso_m[BPre3]-Buso[NStem]', 'wePhrovinsi_w[PossConc1]-e[LocPre]-Phrovinsi[Abbr]', 'yeGauteng_ye[PossConc9]-Gauteng[ProperName]', ',_,[Punc]', 'ngaphasi_nga[AdvPre]-phasi[Adv]', 'kwesekelo_kwe[PossConc15]-sekelo[NStem]', 'lomNyango_lwa[AdvPre]-u[NPrePre3]-mu[BPre3]-Ny[ProperName]-ango[NStem]', 'wokuThuthukisa_wa[PossConc3]-u[NPrePre15]-ku[BPre15]-Thuthuk[VRoot]-is[CausExt]-a[VerbTerm]', 'zomNotho_zwa[NStem]-u[NPrePre3]-mu[BPre3]-Notho[NStem]', ',_,[Punc]', 'ngokwegunya_nga[AdvPre]-kw[BPre15]-e[LocPre]-gunya[NStem]', 'elibunqopha_eli[RelConc5]-bu[BPre14]-nqoph[VRoot]-a[VerbTerm]', 'lokunikela_la[PossConc5]-u[NPrePre15]-ku[BPre15]-nikel[VRoot]-a[VerbTerm]', 'ama-SMME_a[NPrePre6]-ma[BPre6]-SMME[NStem]', 'isekelo_i[NPrePre5]-li[BPre5]-sekelo[NStem]', 'kanye_ka[AdvPre]-nye[AdjStem]', 'netuthuko_ne[AdvPre]-tuthuko[NStem]', 'ePhrovinsini_e[LocPre]-i[NPrePre5]-li[BPre5]-Phrovinsi[ProperName]-ni[InterrogSuf]', 'yeGauteng_ye[PossConc9]-Gauteng[ProperName]', 'Province_P[AdvPre]-rovince[NStem]', 'ngokweemali_nga[AdvPre]-kwe[PossConc15]-emali[NStem]', 'kanye_ka[AdvPre]-nye[AdjStem]', 'nalokho_na[AdvPre]-lokho[Dem15;Pos2]', 'okungafaki_oku[RelConc15]-nga[AdvPre]-fak[VRoot]-i[VerbTerm]', 'iimali_i[NPrePre4]-i[BPre4]-mali[NStem]', '._.[Punc]'], ['Kubayini_Ku[ProperName]-bayini[NStem]', 'kwahlonywa_kuahlony[VRoot]-w[PassExt]-a[VerbTerm]', 'i-GEP_i[NPrePre5]-GEP[Abbr]', '?_?[Punc]']]