[['HA_B-NOUN', 'KU_B-PREP', 'KORHOKELA_B-NOUN'], ['Swivutiso_B-NOUN', 'na_OUT', 'Tinhlamulo_B-NOUN'], ['Xana_OUT', 'i_B-VERB', 'yini_B-NOUN', 'GEP_I-NOUN', '?_OUT'], ['Xindzuluti_B-NOUN', 'xa_B-PREP', 'Mabindzu_B-NOUN', 'ya_B-PREP', 'Gauteng_B-NOUN', '-_OUT', 'Gauteng_OUT', 'Enterprise_OUT', 'Propeller_OUT', '(_OUT', 'GEP_B-NOUN', ')_OUT', 'i_B-VERB', 'xiyenge_B-NOUN', 'lexi_OUT', 'tumbuluxiweke_B-VERB', 'hi_B-PREP', 'Mfumo_B-NOUN', 'wa_B-PREP', 'Xifundzankulu_B-NOUN', 'xa_B-PREP', 'Gauteng_B-NOUN', ',_OUT', 'hi_B-PREP', 'ku_B-VERB', 'landza_I-VERB', 'swipimelo_B-NOUN', 'swa_B-PREP', 'Ndzawulo_B-NOUN', 'ya_B-PREP', 'Nhluvukiso_B-NOUN', 'wa_B-PREP', 'Ikhonomi_B-NOUN', ',_OUT', 'hi_B-PREP', 'xirhumo_B-NOUN', 'xo_B-PREP', 'nyika_B-VERB', 'nseketelo_B-NOUN', 'na_OUT', 'nhluvuko_B-NOUN', 'eka_B-PREP', 'tiSMME_B-NOUN', 'eka_B-PREP', 'Xifundzankulu_B-NOUN', 'xa_B-PREP', 'Gauteng_B-NOUN', 'hi_B-PREP', 'ku_B-VERB', 'tirhisa_I-VERB', 'timali_B-NOUN', 'na_OUT', 'leswi_OUT', 'nga_B-VERB', 'riki_I-VERB', 'mali_B-NOUN', '._OUT'], ['Xana_B-NOUN', 'hikokwalaho_I-NOUN', 'ka_B-PREP', 'yini_B-NOUN', 'ku_B-VERB', 'tumbuluxiwile_I-VERB', 'GEP_B-NOUN', '?_OUT']]