[['Xitsonga'], ['Xitsonga'], ['Xitsonga'], ['Xitsonga'], ['Xitsonga']]