[[('RE', 're'), ('A', 'a'), ('GO', 'go'), ('DIRELA', 'direla')], [('Dipotšišo', 'potšišo'), ('le', 'le'), ('Dikarabo', 'karabo')], [('Naa', 'naa'), ('Sehlongwatlhabollo', 'hlongwatlhabollo'), ('sa', 'sa'), ('Dikgwebo', 'kgwebo'), ('sa', 'sa'), ('Gauteng', 'gaute'), ('(', '('), ('GEP', 'gep'), (')', ')'), ('ke', 'ke'), ('eng', 'eng'), ('?', '?')], [('Sehlongwatlhabollo', 'hlongwatlhabollo'), ('sa', 'sa'), ('Dikgwebo', 'kgwebo'), ('sa', 'sa'), ('Gauteng', 'gaute'), ('(', '('), ('GEP', 'gep'), (')', ')'), ('ke', 'ke'), ('setheo', 'theo'), ('seo', 'seo'), ('se', 'se'), ('hlomilwego', 'hloma'), ('ke', 'ke'), ('Mmušo', 'bušo'), ('wa', 'wa'), ('Phrobentshe', 'phrobentshe'), ('wa', 'wa'), ('Gauteng', 'gaute'), (',', ','), ('ka', 'ka'), ('fase', 'se'), ('ga', 'ga'), ('thekgo', 'thekgo'), ('ya', 'ya'), ('Kgoro', 'kgoro'), ('ya', 'ya'), ('Tlhabollo', 'tlhabollo'), ('ya', 'ya'), ('Ekonomi', 'ekonomi'), (',', ','), ('ka', 'ka'), ('thomelo', 'thomelo'), ('ye', 'ye'), ('itšego', 'itšego'), ('ya', 'ya'), ('go', 'go'), ('aba', 'aba'), ('thekgo', 'thekgo'), ('le', 'le'), ('tlhabollo', 'tlhabollo'), ('go', 'go'), ('Dikgwebopotlana', 'kgwebopotlana'), (',', ','), ('Dikgwebo', 'kgwebo'), ('tša', 'tša'), ('magareng', 'gare'), ('le', 'le'), ('Dikgwebo', 'kgwebo'), ('tše', 'tše'), ('nnyane', 'nnyane'), ('(', '('), ('SMME', 'smme'), (')', ')'), ('ka', 'ka'), ('Phrobentsheng', 'phrobentsha'), ('ya', 'ya'), ('Gauteng', 'gauteng'), ('ka', 'ka'), ('magato', 'gato'), ('a', 'a'), ('ditšhelete', 'tšhelete'), ('le', 'le'), ('ao', 'ao'), ('a', 'a'), ('sego', 'se'), ('a', 'a'), ('ditšhelete', 'tšhelete'), ('.', '.')], [('Naa', 'naa'), ('ke', 'ke'), ('ka', 'ka'), ('lebaka', 'baka'), ('la', 'la'), ('eng', 'eng'), ('GEP', 'gep'), ('e', 'e'), ('hlomilwe', 'hloma'), ('?', '?')]]