[[('HA', 'VERB'), ('KU', 'NOUN'), ('KORHOKELA', 'NOUN')], [('Swivutiso', 'NOUN'), ('na', 'CCONJ'), ('Tinhlamulo', 'NOUN')], [('Xana', 'PART'), ('i', 'PART'), ('yini', 'PART'), ('GEP', 'NOUN'), ('?', 'PUNCT')], [('Xindzuluti', 'NOUN'), ('xa', 'PART'), ('Mabindzu', 'NOUN'), ('ya', 'PART'), ('Gauteng', 'NOUN'), ('-', 'PUNCT'), ('Gauteng', 'NOUN'), ('Enterprise', 'NOUN'), ('Propeller', 'NOUN'), ('(', 'PUNCT'), ('GEP', 'NOUN'), (')', 'PUNCT'), ('i', 'PART'), ('xiyenge', 'NOUN'), ('lexi', 'PRON'), ('tumbuluxiweke', 'VERB'), ('hi', 'PART'), ('Mfumo', 'NOUN'), ('wa', 'PART'), ('Xifundzankulu', 'NOUN'), ('xa', 'PART'), ('Gauteng', 'NOUN'), (',', 'PUNCT'), ('hi', 'PART'), ('ku', 'NOUN'), ('landza', 'VERB'), ('swipimelo', 'NOUN'), ('swa', 'PART'), ('Ndzawulo', 'NOUN'), ('ya', 'PART'), ('Nhluvukiso', 'NOUN'), ('wa', 'PART'), ('Ikhonomi', 'NOUN'), (',', 'PUNCT'), ('hi', 'PART'), ('xirhumo', 'NOUN'), ('xo', 'PART'), ('nyika', 'VERB'), ('nseketelo', 'NOUN'), ('na', 'CCONJ'), ('nhluvuko', 'NOUN'), ('eka', 'CCONJ'), ('tiSMME', 'NOUN'), ('eka', 'CCONJ'), ('Xifundzankulu', 'NOUN'), ('xa', 'PART'), ('Gauteng', 'NOUN'), ('hi', 'PART'), ('ku', 'NOUN'), ('tirhisa', 'VERB'), ('timali', 'NOUN'), ('na', 'PART'), ('leswi', 'PRON'), ('nga', 'PART'), ('riki', 'VERB'), ('mali', 'NOUN'), ('.', 'PUNCT')], [('Xana', 'PART'), ('hikokwalaho', 'CCONJ'), ('ka', 'PART'), ('yini', 'PART'), ('ku', 'NOUN'), ('tumbuluxiwile', 'VERB'), ('GEP', 'NOUN'), ('?', 'PUNCT')]]