[['IKHONA_V', 'KUTE_CONJ', 'IKUSITE_N09'], ['Imibuto_N04', 'Netimphendvulo_ADV'], ['Ngubani_COP', 'GEP_ABBR', '?_PUNC'], ['IGauteng_N09', 'Enterprise_V', 'Propeller_NPP', '(_PUNC', 'GEP_ABBR', ')_PUNC', 'yi-Ejensi_COP', 'leyasungulwa_REL', 'nguHulumende_COP', 'weSifundza_POSS01', 'saseGauteng_POSS07', ',_PUNC', 'ngaphasi_ADV', 'kweluphiko_POSS15', 'lweLitiko_POSS11', 'Lekutfutfukiswa_REL', 'Kwemnotfo_POSS15', ',_PUNC', 'ngeligunya_ADV', 'ngco_IDEO', 'lekusita_REL', 'ema-SMME_N06', '(_PUNC', 'Emabhizinisi_N06', 'lasafufusa_REL', ')_PUNC', 'nekutfutfukisa_ADV', 'Sifundza_N07', 'saseGauteng_POSS07', 'ngekusebentisa_ADV', 'tindlela_N10', 'tekusita_POSS10', 'ngemali_ADV', 'kanye_CONJ', 'naleto_ADV', 'letingasiyo_REL', 'imali_N09', '._PUNC'], ['Yasungulwelani_V', 'i-GEP_N09', '?_PUNC']]