[['SIKHONZA_B-MISC', 'WENA_B-MISC'], ['Imibuzo_B-MISC', 'neeMpendulo_B-MISC'], ['Yintoni_OUT', 'i-GEP_B-MISC', '?_OUT'], ['I-Gauteng_B-MISC', 'Enterprise_I-MISC', 'Propeller_I-MISC', '(_OUT', 'i-GEP_B-MISC', ')_OUT', '(_OUT', 'iLinge_B-ORG', 'lesiQhubi_I-ORG', 'laseGauteng_I-ORG', ')_OUT', 'yiArhente_B-ORG', 'eyasekwa_OUT', 'nguRhulumente_B-ORG', 'wePhondo_I-ORG', 'laseGauteng_I-ORG', ',_OUT', 'phantsi_OUT', 'koququzelelo_OUT', 'lweSebe_B-ORG', 'lezoPhuhliso_I-ORG', 'loQoqosho_I-ORG', ',_OUT', 'ngomyalelo_OUT', 'owodwa_OUT', 'wokubonelela_OUT', 'ii-SMME_B-MISC', 'ngenkxaso_OUT', 'nophuhliso_OUT', 'kwiPhondo_B-MISC', 'leGauteng_OUT', 'ngamanyathelo_OUT', 'ezemali_OUT', 'nangengawo_OUT', 'ezemali_OUT', '._OUT'], ['Kungani_OUT', 'kwasekwa_OUT', 'i-GEP_B-MISC', '?_OUT']]