[
  {
    "Language identifier-files": {
      "af.input.test.txt": [
        [
          "Afrikaans"
        ]
      ]
    }
  }
]