[['SIZIMISELE_misele', 'UKUSIZA_siza', 'WENA_a'], ['Imibuzo_buzo', 'nezimpendulo_mpendulo'], ['Yini_yini', 'i-GEP_gep', '?_?'], ['I-Gauteng_gauteng', 'Enterprise_nterpra', 'Propeller_propeller', '(_(', 'GEP_gep', ')_)', 'yiNhlangano_hlangano', 'eyasungulwa_sungulwa', 'nguHulumeni_hulumeni', 'Wesifundazwe_fundazwe', 'saseGauteng_gauteng', ',_,', 'ngaphansi_phansi', 'koMnyango_nyango', 'Wezokuthuthukiswa_thuthukisa', 'Komnotho_notho', ',_,', 'njengoba_njengoba', 'inikezwe_nikeza', 'igunya_gunya', 'elikhethekile_khetheka', 'lokuhlinzeka_hlinzeka', 'ama-SMME_smme', 'ngokwesekwa_seka', 'kanye_nye', 'nentuthuko_tuthuko', 'eSifundazweni_fundazwe', 'saseGauteng_gauteng', 'ngezimali_mali', 'nangezinye_zinye', 'izindlela_dlela', '._.'], ['Kungani_ni', 'i-GEP_gep', 'yasungulwa_sungula', '?_?']]