[[('RE', 'FOR'), ('A', 'FOR'), ('GO', 'FOR'), ('DIRELA', 'FOR')], [('Dipotšišo', 'N10'), ('le', 'CONJ'), ('Dikarabo', 'N10')], [('Naa', 'V'), ('Sehlongwatlhabollo', 'N07'), ('sa', 'POSSC07'), ('Dikgwebo', 'N10'), ('sa', 'POSSC07'), ('Gauteng', 'NLOC'), ('(', 'ZPL'), ('GEP', 'FOR'), (')', 'ZPR'), ('ke', 'PART'), ('eng', 'INTER'), ('?', 'ZE')], [('Sehlongwatlhabollo', 'N07'), ('sa', 'POSSC07'), ('Dikgwebo', 'N10'), ('sa', 'POSSC07'), ('Gauteng', 'NLOC'), ('(', 'ZPL'), ('GEP', 'FOR'), (')', 'ZPR'), ('ke', 'PART'), ('setheo', 'N07'), ('seo', 'DEM07'), ('se', 'SC07'), ('hlomilwego', 'V'), ('ke', 'PART'), ('Mmušo', 'N03'), ('wa', 'POSSC03'), ('Phrobentshe', 'N09'), ('wa', 'POSSC03'), ('Gauteng', 'N09'), (',', 'ZM'), ('ka', 'PART'), ('fase', 'N16'), ('ga', 'POSSC17'), ('thekgo', 'N09'), ('ya', 'POSSC09'), ('Kgoro', 'N09'), ('ya', 'POSSC09'), ('Tlhabollo', 'N09'), ('ya', 'POSSC09'), ('Ekonomi', 'N09'), (',', 'ZM'), ('ka', 'PART'), ('thomelo', 'N09'), ('ye', 'DEM09'), ('itšego', 'V'), ('ya', 'POSSC09'), ('go', 'INF'), ('aba', 'V'), ('thekgo', 'N09'), ('le', 'CONJ'), ('tlhabollo', 'N09'), ('go', 'PART'), ('Dikgwebopotlana', 'N10'), (',', 'ZM'), ('Dikgwebo', 'N10'), ('tša', 'POSSC10'), ('magareng', 'N06'), ('le', 'CONJ'), ('Dikgwebo', 'N10'), ('tše', 'DEM10'), ('nnyane', 'ADJ10'), ('(', 'ZPL'), ('SMME', 'FOR'), (')', 'ZPR'), ('ka', 'PART'), ('Phrobentsheng', 'N09'), ('ya', 'POSSC09'), ('Gauteng', 'FOR'), ('ka', 'PART'), ('magato', 'N06'), ('a', 'POSSC06'), ('ditšhelete', 'N10'), ('le', 'CONJ'), ('ao', 'DEM06'), ('a', 'SC06'), ('sego', 'VCOP'), ('a', 'POSSC06'), ('ditšhelete', 'N10'), ('.', 'ZE')], [('Naa', 'PARTQUE'), ('ke', 'PART'), ('ka', 'PART'), ('lebaka', 'N05'), ('la', 'POSSC05'), ('eng', 'INTER'), ('GEP', 'FOR'), ('e', 'SC09'), ('hlomilwe', 'V'), ('?', 'ZE')]]