[['IKHONA_I[Abbr]-KHONA[Abbr]', 'KUTE_KUTE[Abbr]', 'IKUSITE_I[Abbr]-KU[Abbr]-SI[Abbr]-TE[Abbr]'], ['Imibuto_I[NPrePre4]-mi[BPre4]-buto[NStem]', 'Netimphendvulo_Na[ProperName]-ti[BPre10]-m[BPre3]-phendvulo[NStem]'], ['Ngubani_Ngu[ProperName]-bani[Interrog]', 'GEP_GEP[Abbr]', '?_?[Punc]'], ['IGauteng_I[Abbr]-Gauteng[ProperName]', 'Enterprise_E[Foreign]-n[BPre9]-tar[CopPre]-pr[VRoot]-is[CausExt]-e[VerbTerm]', 'Propeller_Pro[ProperName]-p[AdvPre]-eller[NStem]', '(_([Punc]', 'GEP_GEP[Abbr]', ')_)[Punc]', 'yi-Ejensi_yiEjensi[Abbr]', 'leyasungulwa_le[SC5]-ya[Pres]-sungul[VRoot]-w[PassExt]-a[VerbTerm]', 'nguHulumende_ngu[CopPre]-Hulumende[NStem]', 'weSifundza_we[PossConc1]-Si[Intrans]-fundza[NStem]', 'saseGauteng_sa[PossConc7]-s[PreLoc-s]-e[LocPre]-Gauteng[ProperName]', ',_,[Punc]', 'ngaphasi_nga[AdvPre]-phasi[NStem]', 'kweluphiko_kwe[PossConc15]-lu[BPre11]-phiko[NStem]', 'lweLitiko_lwe[PossConc11]-Litiko[ProperName]', 'Lekutfutfukiswa_Le[RelConc10]-ku[OC15]-tfutfuk[VRoot]-is[CausExt]-w[PassExt]-a[VerbTerm]', 'Kwemnotfo_Kwe[Abbr]-mu[BPre3]-notfo[NStem]', ',_,[Punc]', 'ngeligunya_nga[AdvPre]-li[BPre5]-gunya[NStem]', 'ngco_ngco[Ideoph]', 'lekusita_leku[RelConc15]-sita[NStem]', 'ema-SMME_e[NPrePre6]-ma[BPre6]-SM[Abbr]-ME[Abbr]', '(_([Punc]', 'Emabhizinisi_E[Abbr]-ma[BPre6]-bhizinisi[NStem]', 'lasafufusa_la[RelConc6]-sa[Pro]-fu[NStem]-fus[VRoot]-a[VerbTerm]', ')_)[Punc]', 'nekutfutfukisa_ne[AdvPre]-ku[BPre15]-tfutfuk[VRoot]-is[CausExt]-a[VerbTerm]', 'Sifundza_Si[AdvPre]-fundza[NStem]', 'saseGauteng_sa[PossConc7]-s[PreLoc-s]-e[LocPre]-Gauteng[ProperName]', 'ngekusebentisa_nga[AdvPre]-ku[OC15]-sebent[VRoot]-is[CausExt]-a[VerbTerm]', 'tindlela_tin[BPre10]-dlela[NStem]', 'tekusita_ta[PossConc10]-ku[BPre15]-sita[NStem]', 'ngemali_nga[AdvPre]-e[LocPre]-mali[NStem]', 'kanye_kanye[Conj]', 'naleto_na[AdvPre]-leto[Dem8;Pos2]', 'letingasiyo_leti[RelConc10]-nga[Pot]-si[BPre7]-yo[PronStem9]', 'imali_i[NPre9]-mali[NStem]', '._.[Punc]'], ['Yasungulwelani_Ya[ProperName]-sungu[NStem]-lwelan[VRoot]-i[VerbTerm]', 'i-GEP_i[NPrePre4]-GEP[Abbr]', '?_?[Punc]']]