[[('LAPHA', 'LA[Abbr]-PHA[Abbr]'), ('USEBENZA', 'U[Adv]-SEBENZ[Abbr]-A[Abbr]'), ('KHONA', 'KHONA[Abbr]')], [('Imibuzo', 'I[Abbr]-mi[BPre4]-buzo[NStem]'), ('neempendulo', 'ne[AdvPre]-e[LocPre]-m[BPre4]-pendulo[NStem]')], [('Iyini', 'I[Abbr]-yini[Interrog]'), ('i-', 'i[NPrePre4]'), ('GEP', 'GEP[Abbr]'), ('?', '?[Punc]')], [('IGauteng', 'I[Adv]-Gauteng[ProperName]'), ('Enterprise', 'Enter[Foreign]-pris[VRoot]-e[VerbTerm]'), ('Propeller', 'P[AdvPre]-ropeller[NStem]'), ('(', '([Punc]'), ('i-GEP', 'i[NPrePre5]-GEP[Abbr]'), (')', ')[Punc]'), ('yi-Ejensi', 'yi[CopPre]-Ejensi[ProperName]'), ('eyahlonywa', 'e[LocPre]-ya[Pres]-hlonyw[VRoot]-a[VerbTerm]'), ('mBuso', 'm[BPre3]-Buso[NStem]'), ('wePhrovinsi', 'w[PossConc1]-e[LocPre]-Phrovinsi[Abbr]'), ('yeGauteng', 'ye[PossConc9]-Gauteng[ProperName]'), (',', ',[Punc]'), ('ngaphasi', 'nga[AdvPre]-phasi[Adv]'), ('kwesekelo', 'kwe[PossConc15]-sekelo[NStem]'), ('lomNyango', 'lwa[AdvPre]-u[NPrePre3]-mu[BPre3]-Ny[ProperName]-ango[NStem]'), ('wokuThuthukisa', 'wa[PossConc3]-u[NPrePre15]-ku[BPre15]-Thuthuk[VRoot]-is[CausExt]-a[VerbTerm]'), ('zomNotho', 'zwa[NStem]-u[NPrePre3]-mu[BPre3]-Notho[NStem]'), (',', ',[Punc]'), ('ngokwegunya', 'nga[AdvPre]-kw[BPre15]-e[LocPre]-gunya[NStem]'), ('elibunqopha', 'eli[RelConc5]-bu[BPre14]-nqoph[VRoot]-a[VerbTerm]'), ('lokunikela', 'la[PossConc5]-u[NPrePre15]-ku[BPre15]-nikel[VRoot]-a[VerbTerm]'), ('ama-SMME', 'a[NPrePre6]-ma[BPre6]-SMME[NStem]'), ('isekelo', 'i[NPrePre5]-li[BPre5]-sekelo[NStem]'), ('kanye', 'ka[AdvPre]-nye[AdjStem]'), ('netuthuko', 'ne[AdvPre]-tuthuko[NStem]'), ('ePhrovinsini', 'e[LocPre]-i[NPrePre5]-li[BPre5]-Phrovinsi[ProperName]-ni[InterrogSuf]'), ('yeGauteng', 'ye[PossConc9]-Gauteng[ProperName]'), ('Province', 'P[AdvPre]-rovince[NStem]'), ('ngokweemali', 'nga[AdvPre]-kwe[PossConc15]-emali[NStem]'), ('kanye', 'ka[AdvPre]-nye[AdjStem]'), ('nalokho', 'na[AdvPre]-lokho[Dem15;Pos2]'), ('okungafaki', 'oku[RelConc15]-nga[AdvPre]-fak[VRoot]-i[VerbTerm]'), ('iimali', 'i[NPrePre4]-i[BPre4]-mali[NStem]'), ('.', '.[Punc]')], [('Kubayini', 'Ku[ProperName]-bayini[NStem]'), ('kwahlonywa', 'kuahlony[VRoot]-w[PassExt]-a[VerbTerm]'), ('i-GEP', 'i[NPrePre5]-GEP[Abbr]'), ('?', '?[Punc]')]]