[[('RE', 'OUT'), ('A', 'OUT'), ('GO', 'OUT'), ('DIRELA', 'OUT')], [('Dipotšišo', 'OUT'), ('le', 'OUT'), ('Dikarabo', 'B-PERS')], [('Naa', 'OUT'), ('Sehlongwatlhabollo', 'B-ORG'), ('sa', 'I-ORG'), ('Dikgwebo', 'I-ORG'), ('sa', 'I-ORG'), ('Gauteng', 'I-ORG'), ('(', 'OUT'), ('GEP', 'B-ORG'), (')', 'OUT'), ('ke', 'OUT'), ('eng', 'OUT'), ('?', 'OUT')], [('Sehlongwatlhabollo', 'OUT'), ('sa', 'OUT'), ('Dikgwebo', 'B-ORG'), ('sa', 'I-ORG'), ('Gauteng', 'I-ORG'), ('(', 'OUT'), ('GEP', 'B-ORG'), (')', 'OUT'), ('ke', 'OUT'), ('setheo', 'OUT'), ('seo', 'OUT'), ('se', 'OUT'), ('hlomilwego', 'OUT'), ('ke', 'OUT'), ('Mmušo', 'B-ORG'), ('wa', 'I-ORG'), ('Phrobentshe', 'I-ORG'), ('wa', 'I-ORG'), ('Gauteng', 'I-ORG'), (',', 'OUT'), ('ka', 'OUT'), ('fase', 'OUT'), ('ga', 'OUT'), ('thekgo', 'OUT'), ('ya', 'OUT'), ('Kgoro', 'B-ORG'), ('ya', 'I-ORG'), ('Tlhabollo', 'I-ORG'), ('ya', 'I-ORG'), ('Ekonomi', 'I-ORG'), (',', 'OUT'), ('ka', 'OUT'), ('thomelo', 'OUT'), ('ye', 'OUT'), ('itšego', 'OUT'), ('ya', 'OUT'), ('go', 'OUT'), ('aba', 'OUT'), ('thekgo', 'OUT'), ('le', 'OUT'), ('tlhabollo', 'OUT'), ('go', 'OUT'), ('Dikgwebopotlana', 'OUT'), (',', 'OUT'), ('Dikgwebo', 'B-ORG'), ('tša', 'OUT'), ('magareng', 'OUT'), ('le', 'OUT'), ('Dikgwebo', 'B-MISC'), ('tše', 'OUT'), ('nnyane', 'OUT'), ('(', 'OUT'), ('SMME', 'B-ORG'), (')', 'OUT'), ('ka', 'OUT'), ('Phrobentsheng', 'B-MISC'), ('ya', 'I-MISC'), ('Gauteng', 'I-MISC'), ('ka', 'OUT'), ('magato', 'OUT'), ('a', 'OUT'), ('ditšhelete', 'OUT'), ('le', 'OUT'), ('ao', 'OUT'), ('a', 'OUT'), ('sego', 'OUT'), ('a', 'OUT'), ('ditšhelete', 'OUT'), ('.', 'OUT')], [('Naa', 'OUT'), ('ke', 'OUT'), ('ka', 'OUT'), ('lebaka', 'OUT'), ('la', 'OUT'), ('eng', 'OUT'), ('GEP', 'B-ORG'), ('e', 'OUT'), ('hlomilwe', 'OUT'), ('?', 'OUT')]]