[['TOT_X', 'U_X', 'DIENS_X'], ['Vrae_NOUN', 'en_CCONJ', 'Antwoorde_NOUN'], ['Wie_PRON', 'is_AUX', 'GEP_X', '?_PUNCT'], ['Die_DET', 'Gauteng_PROPN', 'Enterprise_PROPN', 'Propeller_PROPN', '(_PUNCT', 'GEP_X', ')_PUNCT', 'is_AUX', "'n_DET", 'agentskap_NOUN', 'wat_PRON', 'deur_ADP', 'die_DET', 'Gautengse_ADJ', 'Provinsiale_ADJ', 'Regering_NOUN', 'ingestel_VERB', 'is_AUX', 'onder_ADP', 'beskerming_NOUN', 'van_ADP', 'die_DET', 'Departement_NOUN', 'van_ADP', 'Ekonomiese_ADJ', 'Ontwikkeling_NOUN', ',_PUNCT', 'met_ADP', "'n_DET", 'spesifieke_ADJ', 'mandaat_NOUN', 'om_ADP', 'ondersteuning_NOUN', 'en_CCONJ', 'ontwikkeling_NOUN', 'aan_ADP', "KMMO's_NOUN", 'in_ADP', 'die_DET', 'provinsie_NOUN', 'Gauteng_NOUN', 'te_PART', 'verleen_VERB', 'deur_ADP', 'finansiële_ADJ', 'en_CCONJ', 'niefinansiële_ADJ', 'maatreëls_NOUN', '._PUNCT']]