[[('IKHONA', 'V'), ('KUTE', 'CONJ'), ('IKUSITE', 'N09')], [('Imibuto', 'N04'), ('Netimphendvulo', 'ADV')], [('Ngubani', 'COP'), ('GEP', 'ABBR'), ('?', 'PUNC')], [('IGauteng', 'N09'), ('Enterprise', 'V'), ('Propeller', 'NPP'), ('(', 'PUNC'), ('GEP', 'ABBR'), (')', 'PUNC'), ('yi-Ejensi', 'COP'), ('leyasungulwa', 'REL'), ('nguHulumende', 'COP'), ('weSifundza', 'POSS01'), ('saseGauteng', 'POSS07'), (',', 'PUNC'), ('ngaphasi', 'ADV'), ('kweluphiko', 'POSS15'), ('lweLitiko', 'POSS11'), ('Lekutfutfukiswa', 'REL'), ('Kwemnotfo', 'POSS15'), (',', 'PUNC'), ('ngeligunya', 'ADV'), ('ngco', 'IDEO'), ('lekusita', 'REL'), ('ema-SMME', 'N06'), ('(', 'PUNC'), ('Emabhizinisi', 'N06'), ('lasafufusa', 'REL'), (')', 'PUNC'), ('nekutfutfukisa', 'ADV'), ('Sifundza', 'N07'), ('saseGauteng', 'POSS07'), ('ngekusebentisa', 'ADV'), ('tindlela', 'N10'), ('tekusita', 'POSS10'), ('ngemali', 'ADV'), ('kanye', 'CONJ'), ('naleto', 'ADV'), ('letingasiyo', 'REL'), ('imali', 'N09'), ('.', 'PUNC')], [('Yasungulwelani', 'V'), ('i-GEP', 'N09'), ('?', 'PUNC')]]